
> nextjs@0.1.0 build
> next build

   Creating an optimized production build...
node.exe : Failed to compile.
At C:\Program Files\nodejs\npm.ps1:29 char:3
+   & $NODE_EXE $NPM_CLI_JS $args
+   ~~~~~~~~~~~~~~~~~~~~~~~~~~~~~
    + CategoryInfo          : NotSpecified: (Failed to compile.:String) [], Re 
   moteException
    + FullyQualifiedErrorId : NativeCommandError
 

./app/pizzahut/demo/components/SuccessScreen.tsx
Module not found: Can't resolve 'canvas-confetti'

https://nextjs.org/docs/messages/module-not-found

Import trace for requested module:
./app/pizzahut/demo/page.tsx


> Build failed because of webpack errors
